 -------------------------
 <    74.79599999999996    >
 -------------------------
        \   ^__^
         \  (oo)\_______
            (__)\       )\/\
                ||----w |
                ||     ||