 ----------------------------
 <    5.165605820053096E-6    >
 ----------------------------
        \   ^__^
         \  (oo)\_______
            (__)\       )\/\
                ||----w |
                ||     ||
