 --------------------------
 <    14.161214637170076    >
 --------------------------
        \   ^__^
         \  (oo)\_______
            (__)\       )\/\
                ||----w |
                ||     ||