 _________________________
< 0.000021433470507544583 >
 -------------------------
        \   ^__^
         \  (oo)\_______
            (__)\       )\/\
                ||----w |
                ||     ||
