 _____________________
< 0.49999999999999994 >
 ---------------------
        \   ^__^
         \  (oo)\_______
            (__)\       )\/\
                ||----w |
                ||     ||
