 _________________________
< Calculator, Author: ALF >
 -------------------------
        \   ^__^
         \  (oo)\_______
            (__)\       )\/\
                ||----w |
                ||     ||
help
+
-
div
mul
mod
sq
abs
pwr
sort
rev
max
min
uniq
cos
sin
