 ------------------------------
 <    1.2042770146536395E-28    >
 ------------------------------
        \   ^__^
         \  (oo)\_______
            (__)\       )\/\
                ||----w |
                ||     ||
