ERROR (read): stack underflow
ERROR (write): stack underflow
ERROR (read): wrong address 1500
ERROR (write): wrong address 1500
[ 1 1500 ]
